<html>
<body>
<pre>
<h1>µVision Build Log</h1>
<h2>Project:</h2>
C:\Users\student\Desktop\SERWO WARMIAK\SERWO.uvproj
Project File Date:  05/29/2025

<h2>Output:</h2>
Rebuild target 'Target 1'
assembling Startup.s...
compiling keyboard.c...
compiling led.c...
compiling timer.c...
compiling timer_interrupts.c...
compiling main.c...
compiling servo.c...
linking...
Program Size: Code=2296 RO-data=32 RW-data=8 ZI-data=1272  
FromELF: creating hex file...
".\SERWO.axf" - 0 Errors, 0 Warning(s).
Rebuild target 'Target 1'
assembling Startup.s...
compiling keyboard.c...
compiling led.c...
compiling timer.c...
compiling timer_interrupts.c...
compiling main.c...
compiling servo.c...
linking...
Program Size: Code=2336 RO-data=32 RW-data=8 ZI-data=1272  
FromELF: creating hex file...
".\SERWO.axf" - 0 Errors, 0 Warning(s).
Rebuild target 'Target 1'
assembling Startup.s...
compiling keyboard.c...
compiling led.c...
compiling timer.c...
compiling timer_interrupts.c...
compiling main.c...
compiling servo.c...
linking...
Program Size: Code=2328 RO-data=32 RW-data=8 ZI-data=1272  
FromELF: creating hex file...
".\SERWO.axf" - 0 Errors, 0 Warning(s).
Rebuild target 'Target 1'
assembling Startup.s...
compiling keyboard.c...
compiling led.c...
compiling timer.c...
compiling timer_interrupts.c...
compiling main.c...
compiling servo.c...
linking...
Program Size: Code=2328 RO-data=32 RW-data=8 ZI-data=1272  
FromELF: creating hex file...
".\SERWO.axf" - 0 Errors, 0 Warning(s).
Rebuild target 'Target 1'
assembling Startup.s...
compiling keyboard.c...
compiling led.c...
compiling timer.c...
compiling timer_interrupts.c...
compiling main.c...
compiling servo.c...
linking...
Program Size: Code=2328 RO-data=32 RW-data=8 ZI-data=1272  
FromELF: creating hex file...
".\SERWO.axf" - 0 Errors, 0 Warning(s).
Rebuild target 'Target 1'
assembling Startup.s...
compiling keyboard.c...
compiling led.c...
compiling timer.c...
compiling timer_interrupts.c...
compiling main.c...
compiling servo.c...
linking...
Program Size: Code=2336 RO-data=32 RW-data=8 ZI-data=1272  
FromELF: creating hex file...
".\SERWO.axf" - 0 Errors, 0 Warning(s).
Rebuild target 'Target 1'
assembling Startup.s...
compiling keyboard.c...
compiling led.c...
compiling timer.c...
compiling timer_interrupts.c...
compiling main.c...
compiling servo.c...
linking...
Program Size: Code=2336 RO-data=32 RW-data=8 ZI-data=1272  
FromELF: creating hex file...
".\SERWO.axf" - 0 Errors, 0 Warning(s).
Rebuild target 'Target 1'
assembling Startup.s...
compiling keyboard.c...
compiling led.c...
compiling timer.c...
compiling timer_interrupts.c...
compiling main.c...
compiling servo.c...
linking...
Program Size: Code=2336 RO-data=32 RW-data=8 ZI-data=1272  
FromELF: creating hex file...
".\SERWO.axf" - 0 Errors, 0 Warning(s).
Rebuild target 'Target 1'
assembling Startup.s...
compiling keyboard.c...
compiling led.c...
compiling timer.c...
compiling timer_interrupts.c...
compiling main.c...
compiling servo.c...
linking...
Program Size: Code=2376 RO-data=32 RW-data=8 ZI-data=1272  
FromELF: creating hex file...
".\SERWO.axf" - 0 Errors, 0 Warning(s).
Rebuild target 'Target 1'
assembling Startup.s...
compiling keyboard.c...
compiling led.c...
compiling timer.c...
compiling timer_interrupts.c...
compiling main.c...
compiling servo.c...
linking...
Program Size: Code=2360 RO-data=32 RW-data=8 ZI-data=1272  
FromELF: creating hex file...
".\SERWO.axf" - 0 Errors, 0 Warning(s).
Rebuild target 'Target 1'
assembling Startup.s...
compiling keyboard.c...
compiling led.c...
compiling timer.c...
compiling timer_interrupts.c...
compiling main.c...
compiling servo.c...
linking...
Program Size: Code=2360 RO-data=32 RW-data=8 ZI-data=1272  
FromELF: creating hex file...
".\SERWO.axf" - 0 Errors, 0 Warning(s).
